---
source: crates/varyk/tests/codegen.rs
expression: "main_rs(\"struct Label {\\n    text: string,\\n}\\n\\nfn main() {\\n    let s = \\\"x\\\";\\n    let label = Label { text: s };\\n    println!(\\\"{}\\\", label.text);\\n}\\n\")"
---
#[allow(warnings, arithmetic_overflow, unconditional_panic)]
struct Label {
    text: String,
}

#[allow(warnings, arithmetic_overflow, unconditional_panic)]
fn main() {
    let s = "x".to_string();
    let label = Label { text: s };
    ::std::println!("{}", label.text);
}
