---
source: crates/varyk/tests/codegen.rs
expression: "file(&krate, \"src/main.rs\")"
---
mod ext;

#[allow(warnings, arithmetic_overflow, unconditional_panic)]
fn make() -> i32 {
    7
}

#[allow(warnings, arithmetic_overflow, unconditional_panic)]
fn main() {
    let c = true;
    let n = 1;
    ::std::println!("{}", crate::ext::peek(&(if c {
        make()
    } else {
        n
    })));
    ::std::println!("{}", crate::ext::peek(&({
        let m = n;
        m
    })));
}
