---
source: crates/varyk/tests/codegen.rs
expression: "main_rs(\"struct Point {\\n    x: i32,\\n}\\n\\nfn make() -> Point {\\n    Point { x: 1 }\\n}\\n\\nfn main() {\\n    let c = true;\\n    if c { make() } else { make() };\\n}\\n\")"
---
#[allow(warnings, arithmetic_overflow, unconditional_panic)]
#[derive(Clone, PartialEq)]
struct Point {
    x: i32,
}

#[allow(warnings, arithmetic_overflow, unconditional_panic)]
fn make() -> Point {
    Point { x: 1 }
}

#[allow(warnings, arithmetic_overflow, unconditional_panic)]
fn main() {
    let c = true;
    if c {
        make()
    } else {
        make()
    };
}
