---
source: crates/varyk/tests/errors.rs
expression: stderr
---
error[V0104]: `crates/varyk/tests/fixtures/errors/v0104_rust_module_with_extern_crate/ext.rs` uses the crate `serde`, but a single file has no dependencies; make a package with `varyk init`, move `main.vr` and its module files into its `src/` (replacing the `src/main.vr` it wrote), and add `serde` under `[dependencies]`
 --> crates/varyk/tests/fixtures/errors/v0104_rust_module_with_extern_crate/ext.rs:1:14
  |
1 | extern crate serde;
  |              ^^^^^ `crates/varyk/tests/fixtures/errors/v0104_rust_module_with_extern_crate/ext.rs` uses the crate `serde`, but a single file has no dependencies; make a package with `varyk init`, move `main.vr` and its module files into its `src/` (replacing the `src/main.vr` it wrote), and add `serde` under `[dependencies]`
