---
source: crates/varyk/tests/errors.rs
assertion_line: 105
expression: stderr
---
error[V0104]: `crates/varyk/tests/fixtures/errors/v0104_rust_module_with_include/ext.rs` uses `include!`, which Varyk cannot follow
 --> crates/varyk/tests/fixtures/errors/v0104_rust_module_with_include/ext.rs:1:1
  |
1 | include!("defs.rs");
  | ^^^^^^^ `crates/varyk/tests/fixtures/errors/v0104_rust_module_with_include/ext.rs` uses `include!`, which Varyk cannot follow
  |
  = note: only the `.rs` file itself is copied into the generated crate, so the file it names would be missing
