---
source: crates/varyk/tests/errors.rs
expression: stderr
---
error[V0112]: `#[skip]` cannot go on a `mod` line
 --> crates/varyk/tests/fixtures/errors/v0112_attribute_on_mod/main.vr:1:1
  |
1 | #[skip]
  | ^^^^^^^ `#[skip]` cannot go on a `mod` line
  |
  = note: `#[skip]` goes before a struct field
