---
source: crates/varyk/tests/errors.rs
assertion_line: 104
expression: stderr
---
error[V0104]: `crates/varyk/tests/fixtures/errors/v0104_rust_module_with_submodule/ext.rs` declares a module `inner`; a `.rs` module cannot have submodules here, so move the code into `ext.rs`
 --> crates/varyk/tests/fixtures/errors/v0104_rust_module_with_submodule/ext.rs:1:5
  |
1 | mod inner;
  |     ^^^^^ `crates/varyk/tests/fixtures/errors/v0104_rust_module_with_submodule/ext.rs` declares a module `inner`; a `.rs` module cannot have submodules here, so move the code into `ext.rs`
  |
  = note: only the `.rs` file itself is copied into the generated crate
