---
source: crates/varyk/tests/errors.rs
expression: stderr
---
error[V0104]: `src/js.rs` uses the crate `serde`, which is only in `[dev-dependencies]`: cargo's tests may use it, but a `.rs` module cannot; move it to `[dependencies]` in Cargo.toml
 --> src/js.rs:1:5
  |
1 | use serde::Serialize;
  |     ^^^^^ `src/js.rs` uses the crate `serde`, which is only in `[dev-dependencies]`: cargo's tests may use it, but a `.rs` module cannot; move it to `[dependencies]` in Cargo.toml
