---
source: crates/varyk/tests/errors.rs
expression: stderr
---
error[V0207]: the value type of this `Err` cannot be worked out here; write the type, as in `let r: Result<i32, string> = Err("failed");`
 --> crates/varyk/tests/fixtures/errors/v0207_err_question_statement/main.vr:3:9
  |
3 |         Err("no such id")?;
  |         ^^^^^^^^^^^^^^^^^ the value type of this `Err` cannot be worked out here; write the type, as in `let r: Result<i32, string> = Err("failed");`
  |
  = note: such a value takes its type from where it goes: a `let` with a written type, a parameter, a return value, a field, or a `vec!` element after one whose type is known; in Rust terms, the type cannot be inferred here
  = note: to give up with an error, write `return Err(..);`
