---
source: crates/varyk/tests/errors.rs
expression: stderr
---
error[V0108]: unsupported Rust signature: `ext::first` cannot be called from Varyk
 --> crates/varyk/tests/fixtures/errors/v0108_unsupported_rust_signature/main.vr:4:20
  |
4 |     println!("{}", ext::first(3));
  |                    ^^^^^^^^^^^^^ unsupported Rust signature: `ext::first` cannot be called from Varyk
  |
  = note: the Rust signature is `fn first<T>(value: T) -> T`
  = note: Varyk calls a generic function only with one type parameter `T: serde::de::DeserializeOwned` (or `varyk_std::serde::de::DeserializeOwned`), written inline by that full path, and `T` only in the return, as in `Result<T, varyk_std::Error>`, `Result<Option<T>, varyk_std::Error>`, or `Result<Vec<T>, varyk_std::Error>`; this one has the type parameter in a parameter
