---
source: crates/varyk/tests/errors.rs
expression: stderr
---
error[V0208]: this chain is not finished, and an unfinished chain cannot be kept or passed on; finish the chain here with `collect()`, `count()`, `sum()`, `any`, `all`, or `find`
 --> crates/varyk/tests/fixtures/errors/v0208_chain_in_let/main.vr:3:17
  |
3 |     let evens = numbers.iter().filter(|n| n % 2 == 0);
  |                 ^^^^^^^^^^^^^^^^^^^^^^^^^^^^^^^^^^^^^ this chain is not finished, and an unfinished chain cannot be kept or passed on; finish the chain here with `collect()`, `count()`, `sum()`, `any`, `all`, or `find`
  |
  = note: in Rust terms, an unfinished chain is an iterator, whose type Varyk has no way to write
