---
source: crates/varyk/tests/errors.rs
expression: stderr
---
error[V0208]: this chain is not finished, and an unfinished chain cannot be kept or passed on; finish the chain here with `collect()`, `count()`, `sum()`, `any`, `all`, or `find`
 --> crates/varyk/tests/fixtures/errors/v0208_chain_statement/main.vr:3:5
  |
3 |     numbers.iter().map(|n| n * 2);
  |     ^^^^^^^^^^^^^^^^^^^^^^^^^^^^^ this chain is not finished, and an unfinished chain cannot be kept or passed on; finish the chain here with `collect()`, `count()`, `sum()`, `any`, `all`, or `find`
  |
  = note: in Rust terms, an unfinished chain is an iterator, whose type Varyk has no way to write
