---
source: crates/varyk/tests/errors.rs
expression: stderr
---
error[V0113]: the name `Error` is already taken by the standard error type
 --> crates/varyk/tests/fixtures/errors/v0113_rs_struct_named_error/failure.rs:1:12
  |
1 | pub struct Error {
  |            ^^^^^ the name `Error` is already taken by the standard error type
  |
  = note: every standard call that can fail gives an `Error`, so a type of your own needs another name, such as `ParseError` or `Problem`
