---
source: crates/varyk/tests/errors.rs
expression: stderr
---
error[V0113]: the name `env` is already taken by the standard `env` module
 --> crates/varyk/tests/fixtures/errors/v0113_enum_named_env/main.vr:1:6
  |
1 | enum env {
  |      ^^^ the name `env` is already taken by the standard `env` module
  |
  = note: the standard `env` module is reached by its path wherever it is used, as in `env::..`, so a module, struct, or enum of your own needs another name
