---
source: crates/varyk/tests/errors.rs
expression: stderr
---
error[V0207]: the element type of `Vec::new()` cannot be worked out here; write the type, as in `let v: Vec<i32> = Vec::new();`
 --> crates/varyk/tests/fixtures/errors/v0207_vec_new_needs_type/main.vr:2:17
  |
2 |     let names = Vec::new();
  |                 ^^^^^^^^^^ the element type of `Vec::new()` cannot be worked out here; write the type, as in `let v: Vec<i32> = Vec::new();`
  |
  = note: such a value takes its type from where it goes: a `let` with a written type, a parameter, a return value, a field, or a `vec!` element after one whose type is known; in Rust terms, the type cannot be inferred here
