---
source: crates/varyk/tests/errors.rs
expression: stderr
---
error[V0210]: `Shared<Config>` cannot be read from the environment
 --> crates/varyk/tests/fixtures/errors/v0210_shared_in_env/main.vr:6:29
  |
6 |     let c: Shared<Config> = env::parse()?;
  |                             ^^^^^^^^^^^^ `Shared<Config>` cannot be read from the environment
  |
  = note: `Shared<Config>` is a handle to a value, not data
  = note: a `Shared` cannot go through the environment; read the fields through it into a value of a type that can
