---
source: crates/varyk/tests/errors.rs
expression: stderr
---
error[V0113]: the name `varyk_std` starts with `varyk_`
 --> crates/varyk/tests/fixtures/errors/v0113_varyk_prefix_module/main.vr:1:5
  |
1 | mod varyk_std;
  |     ^^^^^^^^^ the name `varyk_std` starts with `varyk_`
  |
  = note: names starting with `varyk_` are kept for what Varyk adds to the Rust it writes, so this needs another name
