---
source: crates/varyk/tests/errors.rs
expression: stderr
---
error[V0213]: this starts `fetch` and then throws its task away, which stops it
 --> crates/varyk/tests/fixtures/errors/v0213_let_underscore/main.vr:6:13
  |
6 |     let _ = fetch(1);
  |             ^^^^^^^^ this starts `fetch` and then throws its task away, which stops it
  |
  = note: wait for it with `.await`, or let it run on its own with `.detach()`
help: insert `.await`
