---
source: crates/varyk/tests/errors.rs
expression: without_version(& stderr)
---
error[V0219]: the parameter `ratio` of `scale` gets no value from the request
 --> src/main.vr:9:5
  |
9 |     app.get("/scale", scale);
  |     ^^^^^^^^^^^^^^^^^^^^^^^^ the parameter `ratio` of `scale` gets no value from the request
  |
  = note: a handler's parameter is a `{name}` of the path, the state as a `Shared`, a `Request`, the body on `post`, `put`, or `patch`, or a query parameter: an integer, `bool`, `string`, `Time`, `Uuid`, or an `Option` of one
