---
source: crates/varyk/tests/errors.rs
expression: stderr
---
error[V0217]: this argument must be text written in the program
 --> crates/varyk/tests/fixtures/errors/v0217_query_from_parameter/main.vr:4:14
  |
4 |     ext::one(query)
  |              ^^^^^ this argument must be text written in the program
  |
  = note: `ext::one` takes only literal text, so no input can reach it
